// Jest Snapshot v1, https://goo.gl/fbAQLP

exports[`routes/account/send/feetargets should match the snapshot 1`] = `
<div>
  <div
    class="input align-left  isTransparent"
  >
    <div
      class="flex flex-row flex-between"
    >
      <label
        class=""
        for="feetarget"
      >
        send.priority
      </label>
    </div>
    <input
      autocomplete="off"
      autocorrect="off"
      disabled=""
      id="feetarget"
      placeholder="send.feeTarget.placeholder"
      spellcheck="false"
      type="text"
      value=""
    />
  </div>
</div>
`;

exports[`routes/account/send/feetargets should match the snapshot with empty feetargets 1`] = `
<div>
  <div
    class="input align-left  isTransparent"
  >
    <div
      class="flex flex-row flex-between"
    >
      <label
        class=""
        for="feetarget"
      >
        send.priority
      </label>
    </div>
    <input
      autocomplete="off"
      autocorrect="off"
      disabled=""
      id="feetarget"
      placeholder="send.feeTarget.placeholder"
      spellcheck="false"
      type="text"
      value=""
    />
  </div>
</div>
`;
